<html>
<body>
<pre>
<h1>µVision Build Log</h1>
<h2>Tool Versions:</h2>
IDE-Version: ¦ÌVision V5.24.2.0
Copyright (C) 2017 ARM Ltd and ARM Germany GmbH. All rights reserved.
License Information: Yilin Yang, NOC, LIC=ATTBS-LT6UM-Q0FNJ-UIN83-0XQRQ-NCU04
 
Tool Versions:
Toolchain:       MDK-ARM Plus  Version: 5.24.1
Toolchain Path:  C:\Keil_v5\ARM\ARMCC\Bin
C Compiler:      Armcc.exe V5.06 update 5 (build 528)
Assembler:       Armasm.exe V5.06 update 5 (build 528)
Linker/Locator:  ArmLink.exe V5.06 update 5 (build 528)
Library Manager: ArmAr.exe V5.06 update 5 (build 528)
Hex Converter:   FromElf.exe V5.06 update 5 (build 528)
CPU DLL:         SARMCM3.DLL V5.24.1
Dialog DLL:      DCM.DLL V1.16.0.0
Target DLL:      STLink\ST-LINKIII-KEIL_SWO.dll V3.0.1.0
Dialog DLL:      TCM.DLL V1.32.0.0
 
<h2>Project:</h2>
C:\WorkingCurrent\Probes\STM32\STM32F4ScaleEx\Project\proj\test.uvproj
Project File Date:  10/14/2018

<h2>Output:</h2>
*** Using Compiler 'V5.06 update 5 (build 528)', folder: 'C:\Keil_v5\ARM\ARMCC\Bin'
Rebuild target 'Target 1'
assembling startup_stm32f4xx.s...
compiling system_stm32f4xx.c...
compiling key.c...
compiling led.c...
compiling serial_debug.c...
compiling main.c...
compiling stm32f4xx_it.c...
compiling delay.c...
Error: L6449E: While processing .\output\delay.o: I/O error writing file '.\output\delay.o': Invalid argument
Finished: 0 information, 0 warning and 1 error messages.
compiling usart.c...
compiling misc.c...
compiling rtc.c...
compiling lcd.c...
compiling touch.c...
compiling spi.c...
compiling stm32f4xx_rcc.c...
compiling stm32f4xx_exti.c...
compiling stm32f4xx_syscfg.c...
compiling stm32f4xx_fsmc.c...
compiling stm32f4xx_usart.c...
compiling stm32f4xx_gpio.c...
compiling stm32f4xx_pwr.c...
compiling stm32f4xx_rtc.c...
compiling stm32f4xx_spi.c...
compiling stm32f4xx_dma.c...
compiling stm32f4xx_sdio.c...
compiling stm32f4xx_dcmi.c...
compiling stm32f4xx_tim.c...
linking...
Program Size: Code=3658 RO-data=3142 RW-data=84 ZI-data=1684  
FromELF: creating hex file...
".\output\test.axf" - 0 Error(s), 0 Warning(s).
Build Time Elapsed:  00:00:05
</pre>
</body>
</html>
